javac : warning: [options] bootstrap class path is 
not set in conjunction with -source 8
At line:1 char:67
+ ... ementApp-"; javac -encoding UTF-8 -source 1.8 
-target 1.8 -d bin -cp  ...
+                 ~~~~~~~~~~~~~~~~~~~~~~~~~~~~~~~~~~~
~~~~~~~~~~~~~~~~~~~~~~
    + CategoryInfo          : NotSpecified: (warning 
   : [optio... with -source 8:String) [], RemoteExc  
  eption
    + FullyQualifiedErrorId : NativeCommandError
 
  not setting the bootstrap class path may lead to 
class files that cannot run on JDK 8
    --release 8 is recommended instead of -source 8 
-target 1.8 because it sets the bootstrap class path 
automatically
warning: [options] source value 8 is obsolete and 
will be removed in a future release
warning: [options] target value 8 is obsolete and 
will be removed in a future release
warning: [options] To suppress warnings about 
obsolete options, use -Xlint:-options.
src\clinicmanager\gui\MedicalHistoryPanel.java:141: 
error: no suitable constructor found for 
MedicalCondition(no arguments)
                MedicalCondition cond = new 
MedicalCondition();
                                        ^
    constructor MedicalCondition.MedicalCondition(int
,int,String,String,String,String) is not applicable
      (actual and formal argument lists differ in 
length)
    constructor MedicalCondition.MedicalCondition(int
,int,String,String,String,String,String) is not 
applicable
      (actual and formal argument lists differ in 
length)
src\clinicmanager\gui\MedicalHistoryPanel.java:233: 
error: constructor Allergy in class Allergy cannot 
be applied to given types;
                Allergy allergy = new Allergy();
                                  ^
  required: int,int,String,String,String,String
  found:    no arguments
  reason: actual and formal argument lists differ in 
length
src\clinicmanager\gui\MedicalHistoryPanel.java:337: 
error: constructor Medication in class Medication 
cannot be applied to given types;
                Medication med = new Medication();
                                 ^
  required: int,int,String,String,String,String,Strin
g,String,String
  found:    no arguments
  reason: actual and formal argument lists differ in 
length
Note: src\clinicmanager\gui\ReportsPanel.java uses 
or overrides a deprecated API.
Note: Recompile with -Xlint:deprecation for details.
3 errors
4 warnings
