javac : warning: [options] bootstrap class path is 
not set in conjunction with -source 8
At line:1 char:67
+ ... ementApp-"; javac -encoding UTF-8 -source 1.8 
-target 1.8 -d bin -cp  ...
+                 ~~~~~~~~~~~~~~~~~~~~~~~~~~~~~~~~~~~
~~~~~~~~~~~~~~~~~~~~~~
    + CategoryInfo          : NotSpecified: (warning 
   : [optio... with -source 8:String) [], RemoteExc  
  eption
    + FullyQualifiedErrorId : NativeCommandError
 
  not setting the bootstrap class path may lead to 
class files that cannot run on JDK 8
    --release 8 is recommended instead of -source 8 
-target 1.8 because it sets the bootstrap class path 
automatically
warning: [options] source value 8 is obsolete and 
will be removed in a future release
warning: [options] target value 8 is obsolete and 
will be removed in a future release
warning: [options] To suppress warnings about 
obsolete options, use -Xlint:-options.
src\clinicmanager\gui\MedicalHistoryPanel.java:11: 
error: cannot find symbol
public class MedicalHistoryPanel extends JPanel 
implements DataChangeListener {
                                                     
      ^
  symbol: class DataChangeListener
src\clinicmanager\gui\MedicalHistoryPanel.java:12: 
error: cannot find symbol
    private final PatientDAO patientDAO;
                  ^
  symbol:   class PatientDAO
  location: class MedicalHistoryPanel
src\clinicmanager\gui\MedicalHistoryPanel.java:13: 
error: cannot find symbol
    private final MedicalConditionDAO 
medicalConditionDAO;
                  ^
  symbol:   class MedicalConditionDAO
  location: class MedicalHistoryPanel
src\clinicmanager\gui\MedicalHistoryPanel.java:14: 
error: cannot find symbol
    private final AllergyDAO allergyDAO;
                  ^
  symbol:   class AllergyDAO
  location: class MedicalHistoryPanel
src\clinicmanager\gui\MedicalHistoryPanel.java:15: 
error: cannot find symbol
    private final MedicationDAO medicationDAO;
                  ^
  symbol:   class MedicationDAO
  location: class MedicalHistoryPanel
src\clinicmanager\gui\MedicalHistoryPanel.java:20: 
error: cannot find symbol
    public MedicalHistoryPanel(PatientDAO 
patientDAO, MedicalConditionDAO medicalConditionDAO, 
                               ^
  symbol:   class PatientDAO
  location: class MedicalHistoryPanel
src\clinicmanager\gui\MedicalHistoryPanel.java:20: 
error: cannot find symbol
    public MedicalHistoryPanel(PatientDAO 
patientDAO, MedicalConditionDAO medicalConditionDAO, 
                                                     
 ^
  symbol:   class MedicalConditionDAO
  location: class MedicalHistoryPanel
src\clinicmanager\gui\MedicalHistoryPanel.java:21: 
error: cannot find symbol
                              AllergyDAO allergyDAO, 
MedicationDAO medicationDAO) {
                              ^
  symbol:   class AllergyDAO
  location: class MedicalHistoryPanel
src\clinicmanager\gui\MedicalHistoryPanel.java:21: 
error: cannot find symbol
                              AllergyDAO allergyDAO, 
MedicationDAO medicationDAO) {
                                                     
^
  symbol:   class MedicationDAO
  location: class MedicalHistoryPanel
src\clinicmanager\gui\MedicalHistoryPanel.java:3: 
error: package clinicmanager.dao does not exist
import clinicmanager.dao.*;
                    ^
src\clinicmanager\gui\MedicalHistoryPanel.java:4: 
error: package clinicmanager.models does not exist
import clinicmanager.models.*;
                    ^
src\clinicmanager\gui\MedicalHistoryPanel.java:56: 
error: cannot find symbol
        
DataChangeManager.getInstance().addListener(this);
        ^
  symbol:   variable DataChangeManager
  location: class MedicalHistoryPanel
src\clinicmanager\gui\MedicalHistoryPanel.java:65: 
error: cannot find symbol
            for (Patient p : 
patientDAO.getAllPatients()) {
                 ^
  symbol:   class Patient
  location: class MedicalHistoryPanel
src\clinicmanager\gui\MedicalHistoryPanel.java:141: 
error: cannot find symbol
                MedicalCondition cond = new 
MedicalCondition();
                ^
  symbol:   class MedicalCondition
  location: class MedicalHistoryPanel
src\clinicmanager\gui\MedicalHistoryPanel.java:141: 
error: cannot find symbol
                MedicalCondition cond = new 
MedicalCondition();
                                            ^
  symbol:   class MedicalCondition
  location: class MedicalHistoryPanel
src\clinicmanager\gui\MedicalHistoryPanel.java:153: 
error: cannot find symbol
                DataChangeManager.getInstance().notif
yMedicalHistoryChanged();
                ^
  symbol:   variable DataChangeManager
  location: class MedicalHistoryPanel
src\clinicmanager\gui\MedicalHistoryPanel.java:161: 
error: cannot find symbol
            for (MedicalCondition cond : medicalCondi
tionDAO.getConditionsByPatientId(selectedPatientId)) 
{
                 ^
  symbol:   class MedicalCondition
  location: class MedicalHistoryPanel
src\clinicmanager\gui\MedicalHistoryPanel.java:233: 
error: cannot find symbol
                Allergy allergy = new Allergy();
                ^
  symbol:   class Allergy
  location: class MedicalHistoryPanel
src\clinicmanager\gui\MedicalHistoryPanel.java:233: 
error: cannot find symbol
                Allergy allergy = new Allergy();
                                      ^
  symbol:   class Allergy
  location: class MedicalHistoryPanel
src\clinicmanager\gui\MedicalHistoryPanel.java:245: 
error: cannot find symbol
                DataChangeManager.getInstance().notif
yMedicalHistoryChanged();
                ^
  symbol:   variable DataChangeManager
  location: class MedicalHistoryPanel
src\clinicmanager\gui\MedicalHistoryPanel.java:253: 
error: cannot find symbol
            for (Allergy allergy : allergyDAO.getAlle
rgiesByPatientId(selectedPatientId)) {
                 ^
  symbol:   class Allergy
  location: class MedicalHistoryPanel
src\clinicmanager\gui\MedicalHistoryPanel.java:337: 
error: cannot find symbol
                Medication med = new Medication();
                ^
  symbol:   class Medication
  location: class MedicalHistoryPanel
src\clinicmanager\gui\MedicalHistoryPanel.java:337: 
error: cannot find symbol
                Medication med = new Medication();
                                     ^
  symbol:   class Medication
  location: class MedicalHistoryPanel
src\clinicmanager\gui\MedicalHistoryPanel.java:353: 
error: cannot find symbol
                DataChangeManager.getInstance().notif
yMedicalHistoryChanged();
                ^
  symbol:   variable DataChangeManager
  location: class MedicalHistoryPanel
src\clinicmanager\gui\MedicalHistoryPanel.java:361: 
error: cannot find symbol
            for (Medication med : medicationDAO.getAc
tiveMedicationsByPatientId(selectedPatientId)) {
                 ^
  symbol:   class Medication
  location: class MedicalHistoryPanel
src\clinicmanager\gui\MedicalHistoryPanel.java:397: 
error: method does not override or implement a 
method from a supertype
    @Override
    ^
src\clinicmanager\gui\MedicalHistoryPanel.java:403: 
error: method does not override or implement a 
method from a supertype
    @Override
    ^
src\clinicmanager\gui\MedicalHistoryPanel.java:408: 
error: method does not override or implement a 
method from a supertype
    @Override
    ^
28 errors
4 warnings
